=== x1 create 2026-09-19T20:54:42+00:00
ERROR:  relation "ix_f2c_cont_data" already exists
Time: 6.431 ms
Time: 394.591 ms
 ix_cont_data 
--------------
 51 MB
(1 row)

Time: 9.038 ms
=== START x1-idx 2026-09-19T20:54:43+00:00 ===
gata f2/q03 2026-09-19T20:54:44+00:00
gata f2/q03c 2026-09-19T20:54:48+00:00
gata f2s/q03s 2026-09-19T20:54:50+00:00
gata f2s/q03cs 2026-09-19T20:54:53+00:00
=== STOP x1-idx 2026-09-19T20:54:53+00:00 ===
=== x1 drop 2026-09-19T20:54:53+00:00
=== x10 create 2026-09-19T20:54:54+00:00
Time: 3608.549 ms (00:03.609)
Time: 1324.095 ms (00:01.324)
 ix_cont_data 
--------------
 512 MB
(1 row)

Time: 0.756 ms
=== START x10-idx 2026-09-19T20:54:59+00:00 ===
gata f2/q03 2026-09-19T20:55:10+00:00
gata f2/q03c 2026-09-19T20:55:24+00:00
gata f2s/q03s 2026-09-19T20:55:26+00:00
gata f2s/q03cs 2026-09-19T20:55:32+00:00
=== STOP x10-idx 2026-09-19T20:55:32+00:00 ===
=== x10 drop 2026-09-19T20:55:32+00:00
=== IDX DONE 2026-09-19T20:55:33+00:00
