=== START x10 2026-09-19T17:20:19+00:00 ===
gata f0/q01 2026-09-19T17:20:23+00:00
gata f0/q02 2026-09-19T17:20:30+00:00
gata f0/q02b 2026-09-19T17:20:40+00:00
gata f0/q03 2026-09-19T17:20:49+00:00
gata f0/q04 2026-09-19T17:20:53+00:00
gata f0/q04b 2026-09-19T17:20:55+00:00
gata f0/q05 2026-09-19T17:20:55+00:00
gata f0/q06 2026-09-19T17:20:56+00:00
gata f0/q07 2026-09-19T17:20:56+00:00
gata f0/q08 2026-09-19T17:20:56+00:00
gata f0/q09 2026-09-19T17:20:56+00:00
gata f0/q10 2026-09-19T17:21:01+00:00
gata f0/q11 2026-09-19T17:21:05+00:00
gata f0/q12 2026-09-19T17:21:05+00:00
gata f0/q12b 2026-09-19T17:21:05+00:00
gata f0/q13 2026-09-19T17:21:05+00:00
gata f1/q01 2026-09-19T17:21:10+00:00
gata f1/q02 2026-09-19T17:21:21+00:00
gata f1/q03 2026-09-19T17:21:29+00:00
gata f1/q03c 2026-09-19T17:21:40+00:00
gata f1/q04 2026-09-19T17:21:40+00:00
gata f1/q05 2026-09-19T17:21:43+00:00
gata f1/q06 2026-09-19T17:21:50+00:00
gata f1/q07 2026-09-19T17:21:51+00:00
gata f1/q08 2026-09-19T17:21:51+00:00
gata f1/q09 2026-09-19T17:21:53+00:00
gata f1/q09b 2026-09-19T17:21:53+00:00
gata f1/q10 2026-09-19T17:22:02+00:00
gata f1/q11 2026-09-19T17:22:07+00:00
gata f1/q12 2026-09-19T17:22:09+00:00
gata f1/q12b 2026-09-19T17:22:13+00:00
gata f1/q13 2026-09-19T17:22:13+00:00
gata f2/q01 2026-09-19T17:22:16+00:00
gata f2/q02 2026-09-19T17:22:26+00:00
gata f2/q03 2026-09-19T17:22:36+00:00
gata f2/q03c 2026-09-19T17:22:51+00:00
gata f2/q04 2026-09-19T17:22:52+00:00
gata f2/q05 2026-09-19T17:22:56+00:00
gata f2/q06 2026-09-19T17:23:00+00:00
gata f2/q07 2026-09-19T17:23:00+00:00
gata f2/q08 2026-09-19T17:23:01+00:00
gata f2/q09 2026-09-19T17:23:02+00:00
gata f2/q09b 2026-09-19T17:23:02+00:00
gata f2/q10 2026-09-19T17:23:05+00:00
gata f2/q11 2026-09-19T17:23:11+00:00
gata f2/q12 2026-09-19T17:23:13+00:00
gata f2/q12b 2026-09-19T17:23:14+00:00
gata f2/q13 2026-09-19T17:23:15+00:00
gata f3/q01 2026-09-19T17:23:19+00:00
gata f3/q02 2026-09-19T17:23:30+00:00
gata f3/q03 2026-09-19T17:23:38+00:00
gata f3/q03c 2026-09-19T17:23:51+00:00
gata f3/q04 2026-09-19T17:23:51+00:00
gata f3/q05 2026-09-19T17:23:54+00:00
gata f3/q06 2026-09-19T17:24:00+00:00
gata f3/q07 2026-09-19T17:24:00+00:00
gata f3/q08 2026-09-19T17:24:01+00:00
gata f3/q09 2026-09-19T17:24:02+00:00
gata f3/q09b 2026-09-19T17:24:03+00:00
gata f3/q10 2026-09-19T17:24:06+00:00
gata f3/q11 2026-09-19T17:24:14+00:00
gata f3/q12 2026-09-19T17:24:15+00:00
gata f3/q12b 2026-09-19T17:24:17+00:00
gata f3/q13 2026-09-19T17:24:18+00:00
gata f2s/q01 2026-09-19T17:24:19+00:00
gata f2s/q02 2026-09-19T17:24:21+00:00
gata f2s/q05 2026-09-19T17:24:22+00:00
gata f2s/q06 2026-09-19T17:24:22+00:00
gata f2s/q11 2026-09-19T17:24:23+00:00
gata f3s/q01 2026-09-19T17:24:24+00:00
gata f3s/q02 2026-09-19T17:24:25+00:00
gata f3s/q05 2026-09-19T17:24:26+00:00
gata f3s/q06 2026-09-19T17:24:26+00:00
gata f3s/q11 2026-09-19T17:24:27+00:00
=== STOP x10 2026-09-19T17:24:27+00:00 ===
=== Q14 START x10 2026-09-19T17:24:27+00:00 ===
gata f0
gata f1
gata f2
gata f3
=== Q14 STOP x10 2026-09-19T17:24:28+00:00 ===
